2026-07-13 19:24:48, MOVE, v:1, k:ed@lista_d3, mode:DOWN
2026-07-13 19:24:52, MOVE, v:1, k:ed@lista_d3, mode:PICK
2026-07-13 19:25:46, MOVE, v:1, k:ed@lista_d3, mode:BACK
2026-07-13 19:25:52, MOVE, v:1, k:ed@lista_d2, mode:PICK
2026-07-13 19:25:58, MOVE, v:1, k:ed@lista_d2, mode:BACK
2026-07-13 19:26:01, MOVE, v:1, k:ed@lista_d3, mode:PICK
2026-07-13 19:24:48, MOVE, v:1, k:ed@lista_d3, mode:EDIT
2026-07-13 19:25:11, MOVE, v:1, k:ed@lista_d3, mode:EDIT
2026-07-13 19:30:44, MOVE, v:1, k:ed@lista_d3, mode:EDIT
2026-07-13 19:39:09, MOVE, v:1, k:ed@lista_d3, mode:EDIT
2026-07-13 19:44:19, MOVE, v:1, k:ed@lista_d3, mode:EDIT
2026-07-13 19:49:03, MOVE, v:1, k:ed@lista_d3, mode:EDIT
2026-07-13 19:51:05, MOVE, v:1, k:ed@lista_d3, mode:EDIT
2026-07-13 19:56:03, EXEC, v:1, k:ed@lista_d3, mode:FULL, rate:0, size:127
2026-07-13 19:58:21, MOVE, v:1, k:ed@lista_d3, mode:EDIT
2026-07-13 19:56:01, MOVE, v:1, k:ed@lista_d3, mode:EDIT
2026-07-13 20:03:48, EXEC, v:1, k:ed@lista_d3, mode:FULL, rate:0, size:130
2026-07-13 20:03:31, MOVE, v:1, k:ed@lista_d3, mode:EDIT
2026-07-13 20:03:46, MOVE, v:1, k:ed@lista_d3, mode:EDIT
2026-07-13 20:09:23, MOVE, v:1, k:ed@lista_d3, mode:EDIT
2026-07-13 20:11:37, EXEC, v:1, k:ed@lista_d3, mode:FULL, rate:0, size:130
2026-07-13 20:12:06, EXEC, v:1, k:ed@lista_d3, mode:FULL, rate:0
2026-07-13 20:14:23, MOVE, v:1, k:ed@lista_d3, mode:EDIT
2026-07-13 20:12:04, MOVE, v:1, k:ed@lista_d3, mode:EDIT
2026-07-13 20:14:28, EXEC, v:1, k:ed@lista_d3, mode:FULL, rate:25, size:130
2026-07-13 20:19:13, MOVE, v:1, k:ed@lista_d3, mode:EDIT
2026-07-13 20:14:28, MOVE, v:1, k:ed@lista_d3, mode:EDIT
2026-07-13 20:24:17, MOVE, v:1, k:ed@lista_d3, mode:EDIT
2026-07-13 20:27:06, MOVE, v:1, k:ed@lista_d3, mode:EDIT
2026-07-13 20:46:33, EXEC, v:1, k:ed@lista_d3, mode:FULL, size:160, fail:COMP
2026-07-13 20:49:27, MOVE, v:1, k:ed@lista_d3, mode:EDIT
2026-07-13 20:54:06, MOVE, v:1, k:ed@lista_d3, mode:BACK
2026-07-13 20:54:07, MOVE, v:1, k:ed@lista_d3, mode:PICK
2026-07-13 20:53:31, MOVE, v:1, k:ed@lista_d3, mode:EDIT
2026-07-13 20:54:57, EXEC, v:1, k:ed@lista_d3, mode:FULL, rate:25, size:161
2026-07-13 20:56:24, EXEC, v:1, k:ed@lista_d3, mode:FULL, rate:25, size:161
2026-07-13 20:56:49, EXEC, v:1, k:ed@lista_d3, mode:FREE
2026-07-13 20:58:59, MOVE, v:1, k:ed@lista_d3, mode:EDIT
2026-07-13 20:56:50, MOVE, v:1, k:ed@lista_d3, mode:EDIT
2026-07-13 20:59:31, MOVE, v:1, k:ed@lista_d3, mode:EDIT
2026-07-13 21:04:16, MOVE, v:1, k:ed@lista_d3, mode:EDIT
2026-07-13 21:09:09, MOVE, v:1, k:ed@lista_d3, mode:EDIT
2026-07-13 21:09:25, MOVE, v:1, k:ed@lista_d3, mode:EDIT
2026-07-13 21:11:27, MOVE, v:1, k:ed@lista_d3, mode:EDIT
2026-07-13 21:11:09, MOVE, v:1, k:ed@lista_d3, mode:EDIT
2026-07-13 22:50:21, MOVE, v:1, k:ed@lista_d3, mode:PICK
2026-07-13 22:50:24, EXEC, v:1, k:ed@lista_d3, mode:FULL, size:173, fail:COMP
2026-07-13 22:50:28, MOVE, v:1, k:ed@lista_d3, mode:BACK
2026-07-13 22:50:37, MOVE, v:1, k:ed@lista_d3, mode:PICK
2026-07-13 22:50:41, EXEC, v:1, k:ed@lista_d3, mode:FULL, rate:25, size:173
2026-07-13 22:51:21, MOVE, v:1, k:ed@lista_d3, mode:EDIT
2026-07-13 22:50:41, MOVE, v:1, k:ed@lista_d3, mode:EDIT
2026-07-13 23:44:44, EXEC, v:1, k:ed@lista_d3, mode:FULL, rate:25, size:174
2026-07-13 23:45:08, MOVE, v:1, k:ed@lista_d3, mode:EDIT
2026-07-13 23:44:44, MOVE, v:1, k:ed@lista_d3, mode:EDIT
2026-07-13 23:45:34, EXEC, v:1, k:ed@lista_d3, mode:FULL, rate:25, size:174
2026-07-13 23:45:53, EXEC, v:1, k:ed@lista_d3, mode:FULL, rate:50, size:174
2026-07-13 23:45:52, MOVE, v:1, k:ed@lista_d3, mode:EDIT
2026-07-13 23:45:53, MOVE, v:1, k:ed@lista_d3, mode:EDIT
