2026-07-15 04:42:11, MOVE, v:1, k:ed@lista_d3, mode:PICK
2026-07-15 04:42:17, EXEC, v:1, k:ed@lista_d3, mode:FULL, rate:50
2026-07-15 04:42:15, MOVE, v:1, k:ed@lista_d3, mode:EDIT
2026-07-15 04:46:23, MOVE, v:1, k:ed@lista_d3, mode:EDIT
2026-07-15 04:51:08, EXEC, v:1, k:ed@lista_d3, mode:FULL, rate:50, size:184
2026-07-15 04:49:38, MOVE, v:1, k:ed@lista_d3, mode:EDIT
2026-07-15 04:51:08, MOVE, v:1, k:ed@lista_d3, mode:EDIT
2026-07-15 04:53:27, EXEC, v:1, k:ed@lista_d3, mode:FULL, rate:50, size:188
2026-07-15 04:55:03, EXEC, v:1, k:ed@lista_d3, mode:FULL, rate:50, size:188
2026-07-15 04:55:16, EXEC, v:1, k:ed@lista_d3, mode:FULL, rate:50, size:178
2026-07-15 04:55:14, MOVE, v:1, k:ed@lista_d3, mode:EDIT
2026-07-15 04:55:16, MOVE, v:1, k:ed@lista_d3, mode:EDIT
2026-07-15 05:01:26, MOVE, v:1, k:ed@lista_d3, mode:EDIT
2026-07-15 05:06:21, MOVE, v:1, k:ed@lista_d3, mode:EDIT
2026-07-15 05:07:03, EXEC, v:1, k:ed@lista_d3, mode:FULL, rate:50, size:197
2026-07-15 05:08:20, EXEC, v:1, k:ed@lista_d3, mode:FULL, size:197, fail:COMP
2026-07-15 05:08:24, EXEC, v:1, k:ed@lista_d3, mode:FULL, rate:50, size:197
2026-07-15 05:08:36, EXEC, v:1, k:ed@lista_d3, mode:FULL, rate:50
2026-07-15 05:10:08, MOVE, v:1, k:ed@lista_d3, mode:EDIT
2026-07-15 05:08:36, MOVE, v:1, k:ed@lista_d3, mode:EDIT
2026-07-15 05:11:41, EXEC, v:1, k:ed@lista_d3, mode:FULL, rate:50, size:198
2026-07-15 05:16:25, MOVE, v:1, k:ed@lista_d3, mode:EDIT
2026-07-15 05:11:41, MOVE, v:1, k:ed@lista_d3, mode:EDIT
2026-07-15 05:21:27, MOVE, v:1, k:ed@lista_d3, mode:EDIT
2026-07-15 05:25:34, EXEC, v:1, k:ed@lista_d3, mode:FULL, rate:50, size:206
2026-07-15 05:26:22, EXEC, v:1, k:ed@lista_d3, mode:FULL, rate:50, size:208
2026-07-15 05:26:05, MOVE, v:1, k:ed@lista_d3, mode:EDIT
2026-07-15 05:26:21, MOVE, v:1, k:ed@lista_d3, mode:EDIT
2026-07-15 05:26:58, EXEC, v:1, k:ed@lista_d3, mode:FULL, rate:50
2026-07-15 05:27:31, EXEC, v:1, k:ed@lista_d3, mode:FULL, rate:75, size:211
2026-07-15 05:27:31, MOVE, v:1, k:ed@lista_d3, mode:EDIT
2026-07-15 05:31:28, MOVE, v:1, k:ed@lista_d3, mode:EDIT
2026-07-15 05:36:29, MOVE, v:1, k:ed@lista_d3, mode:EDIT
2026-07-15 05:41:16, EXEC, v:1, k:ed@lista_d3, mode:FULL, rate:50, size:221
2026-07-15 05:41:09, MOVE, v:1, k:ed@lista_d3, mode:EDIT
2026-07-15 05:41:16, MOVE, v:1, k:ed@lista_d3, mode:EDIT
2026-07-15 05:41:35, EXEC, v:1, k:ed@lista_d3, mode:FULL, rate:50, size:220
2026-07-15 05:43:47, EXEC, v:1, k:ed@lista_d3, mode:FULL, rate:75, size:220
2026-07-15 05:44:00, EXEC, v:1, k:ed@lista_d3, mode:FULL, rate:50, size:220
2026-07-15 05:45:22, EXEC, v:1, k:ed@lista_d3, mode:FULL, rate:50, size:224
2026-07-15 05:46:07, EXEC, v:1, k:ed@lista_d3, mode:FULL, rate:50, size:224
2026-07-15 05:46:13, MOVE, v:1, k:ed@lista_d3, mode:EDIT
2026-07-15 05:46:07, MOVE, v:1, k:ed@lista_d3, mode:EDIT
2026-07-15 05:49:13, EXEC, v:1, k:ed@lista_d3, mode:FULL, rate:50, size:222
2026-07-15 05:49:16, EXEC, v:1, k:ed@lista_d3, mode:FULL, rate:50
2026-07-15 05:49:49, EXEC, v:1, k:ed@lista_d3, mode:FULL, rate:50, size:222
2026-07-15 05:50:21, EXEC, v:1, k:ed@lista_d3, mode:FULL, rate:50, size:222
2026-07-15 05:51:15, MOVE, v:1, k:ed@lista_d3, mode:EDIT
2026-07-15 05:50:21, MOVE, v:1, k:ed@lista_d3, mode:EDIT
2026-07-15 05:52:46, EXEC, v:1, k:ed@lista_d3, mode:FULL, rate:100, size:224
2026-07-15 05:52:50, MOVE, v:1, k:ed@lista_d3, mode:BACK
2026-07-15 05:53:21, SELF, v:1, k:ed@lista_d3, self:1, rate:100, study:60
2026-07-15 06:05:28, MOVE, v:1, k:ed@lista_d3, mode:PICK
2026-07-15 06:05:30, EXEC, v:1, k:ed@lista_d3, mode:FULL, rate:75, size:223
2026-07-15 06:06:14, EXEC, v:1, k:ed@lista_d3, mode:FULL, rate:75, size:223
2026-07-15 06:06:14, MOVE, v:1, k:ed@lista_d3, mode:EDIT
2026-07-15 06:08:59, MOVE, v:1, k:ed@lista_d3, mode:EDIT
2026-07-15 06:11:00, EXEC, v:1, k:ed@lista_d3, mode:FULL, rate:75, size:228
2026-07-15 06:12:08, EXEC, v:1, k:ed@lista_d3, mode:FULL, rate:100, size:228
2026-07-15 06:12:13, MOVE, v:1, k:ed@lista_d3, mode:BACK
2026-07-15 06:13:10, MOVE, v:1, k:ed@prin_list2, mode:DOWN
2026-07-15 06:13:12, MOVE, v:1, k:ed@prin_list2, mode:PICK
2026-07-15 06:13:53, MOVE, v:1, k:ed@prin_list2, mode:BACK
2026-07-15 06:13:57, MOVE, v:1, k:ed@prin_list1, mode:PICK
2026-07-15 06:12:05, MOVE, v:1, k:ed@lista_d3, mode:EDIT
2026-07-15 06:12:08, MOVE, v:1, k:ed@lista_d3, mode:EDIT
2026-07-15 06:13:10, MOVE, v:1, k:ed@prin_list2, mode:EDIT
2026-07-15 06:13:10, MOVE, v:1, k:ed@prin_list2, mode:EDIT
2026-07-15 06:19:19, MOVE, v:1, k:ed@prin_list1, mode:BACK
2026-07-15 06:21:20, MOVE, v:1, k:ed@dfs_read, mode:DOWN
2026-07-15 06:21:22, MOVE, v:1, k:ed@dfs_read, mode:PICK
2026-07-15 06:22:33, MOVE, v:1, k:ed@dfs_read, mode:BACK
2026-07-15 06:22:41, SELF, v:1, k:ed@dfs_read, self:1
