2026-07-18 14:36:54, MOVE, v:1, k:ed@prin_list2, mode:PICK
2026-07-18 14:37:43, MOVE, v:1, k:ed@prin_list2, mode:BACK
2026-07-18 14:37:52, MOVE, v:1, k:ed@prin_list1, mode:PICK
2026-07-18 14:37:59, MOVE, v:1, k:ed@prin_list1, mode:BACK
2026-07-18 14:38:01, MOVE, v:1, k:ed@prin_list2, mode:PICK
2026-07-18 14:40:57, MOVE, v:1, k:ed@prin_list2, mode:EDIT
2026-07-18 14:43:45, MOVE, v:1, k:ed@prin_list2, mode:EDIT
2026-07-18 14:59:47, MOVE, v:1, k:ed@prin_list2, mode:EDIT
2026-07-18 15:05:55, MOVE, v:1, k:ed@prin_list2, mode:EDIT
2026-07-18 15:10:33, MOVE, v:1, k:ed@prin_list2, mode:EDIT
2026-07-18 15:29:59, EXEC, v:1, k:ed@prin_list2, mode:FULL, rate:30, size:76
2026-07-18 15:30:23, EXEC, v:1, k:ed@prin_list2, mode:FULL, rate:30, size:76
2026-07-18 15:30:22, MOVE, v:1, k:ed@prin_list2, mode:EDIT
2026-07-18 15:30:23, MOVE, v:1, k:ed@prin_list2, mode:EDIT
2026-07-18 15:33:32, EXEC, v:1, k:ed@prin_list2, mode:FULL, rate:30, size:73
2026-07-18 15:33:32, MOVE, v:1, k:ed@prin_list2, mode:EDIT
2026-07-18 15:33:32, MOVE, v:1, k:ed@prin_list2, mode:EDIT
2026-07-18 15:37:54, EXEC, v:1, k:ed@prin_list2, mode:FULL, rate:30, size:73
2026-07-18 15:40:41, EXEC, v:1, k:ed@prin_list2, mode:FULL, rate:30, size:76
2026-07-18 15:40:50, EXEC, v:1, k:ed@prin_list2, mode:FULL, rate:100
2026-07-18 15:40:41, MOVE, v:1, k:ed@prin_list2, mode:EDIT
2026-07-18 15:40:50, MOVE, v:1, k:ed@prin_list2, mode:EDIT
2026-07-18 15:41:12, MOVE, v:1, k:ed@prin_list2, mode:BACK
2026-07-18 15:41:49, SELF, v:1, k:ed@prin_list2, self:1, rate:100, study:60
