2026-07-08 01:50:42, MOVE, v:1, k:ed@alternando, mode:EDIT
2026-07-08 02:00:06, MOVE, v:1, k:ed@alternando, mode:EDIT
2026-07-08 02:15:07, MOVE, v:1, k:ed@alternando, mode:EDIT
2026-07-08 02:16:41, MOVE, v:1, k:ed@alternando, mode:PICK
2026-07-08 02:16:47, EXEC, v:1, k:ed@alternando, mode:FREE, size:72
2026-07-08 02:18:07, MOVE, v:1, k:ed@alternando, mode:EDIT
2026-07-08 02:18:19, MOVE, v:1, k:ed@alternando, mode:EDIT
2026-07-08 02:22:04, EXEC, v:1, k:ed@alternando, mode:FULL, rate:0, size:76
2026-07-08 02:23:06, EXEC, v:1, k:ed@alternando, mode:FULL, rate:15, size:76
2026-07-08 02:25:08, EXEC, v:1, k:ed@alternando, mode:FREE, size:81
2026-07-08 02:25:03, MOVE, v:1, k:ed@alternando, mode:EDIT
2026-07-08 02:25:08, MOVE, v:1, k:ed@alternando, mode:EDIT
2026-07-08 02:25:57, EXEC, v:1, k:ed@alternando, mode:FULL, rate:38, size:75
2026-07-08 02:25:51, MOVE, v:1, k:ed@alternando, mode:EDIT
2026-07-08 02:25:57, MOVE, v:1, k:ed@alternando, mode:EDIT
2026-07-08 02:30:52, EXEC, v:1, k:ed@alternando, mode:FREE, size:75
2026-07-08 02:34:09, MOVE, v:1, k:ed@alternando, mode:EDIT
2026-07-08 02:30:53, MOVE, v:1, k:ed@alternando, mode:EDIT
2026-07-08 02:39:20, MOVE, v:1, k:ed@alternando, mode:EDIT
2026-07-08 02:39:23, MOVE, v:1, k:ed@alternando, mode:EDIT
2026-07-08 02:44:45, MOVE, v:1, k:ed@alternando, mode:EDIT
2026-07-08 02:40:54, MOVE, v:1, k:ed@alternando, mode:EDIT
2026-07-08 02:50:06, MOVE, v:1, k:ed@alternando, mode:EDIT
2026-07-08 02:49:12, MOVE, v:1, k:ed@alternando, mode:EDIT
2026-07-08 02:52:05, EXEC, v:1, k:ed@alternando, mode:FULL, rate:61, size:62
2026-07-08 02:52:45, EXEC, v:1, k:ed@alternando, mode:FULL, rate:69, size:63
2026-07-08 02:52:42, MOVE, v:1, k:ed@alternando, mode:EDIT
2026-07-08 02:52:45, MOVE, v:1, k:ed@alternando, mode:EDIT
2026-07-08 02:57:05, EXEC, v:1, k:ed@alternando, mode:FULL, rate:53, size:64
2026-07-08 02:57:59, EXEC, v:1, k:ed@alternando, mode:FULL, rate:100, size:64
2026-07-08 02:58:05, MOVE, v:1, k:ed@alternando, mode:BACK
2026-07-08 02:58:36, SELF, v:1, k:ed@alternando, self:1, rate:100, study:40
2026-07-08 03:05:03, MOVE, v:1, k:ed@triangulo, mode:DOWN
2026-07-08 03:05:37, MOVE, v:1, k:ed@triangulo, mode:PICK
2026-07-08 03:05:03, MOVE, v:1, k:ed@triangulo, mode:EDIT
2026-07-08 22:06:48, MOVE, v:1, k:ed@triangulo, mode:PICK
2026-07-08 22:06:52, EXEC, v:1, k:ed@triangulo, mode:FREE, size:60
2026-07-08 22:08:00, EXEC, v:1, k:ed@triangulo, mode:FULL, rate:100, size:60
2026-07-08 22:08:06, MOVE, v:1, k:ed@triangulo, mode:BACK
2026-07-08 22:08:28, SELF, v:1, k:ed@triangulo, self:1, rate:100, study:20, concept:1
2026-07-08 22:08:38, SELF, v:1, k:ed@recursao, self:1
2026-07-08 22:08:56, MOVE, v:1, k:ed@treinando, mode:DOWN
2026-07-08 22:09:00, MOVE, v:1, k:ed@treinando, mode:PICK
2026-07-08 22:08:00, MOVE, v:1, k:ed@triangulo, mode:EDIT
2026-07-08 22:07:51, MOVE, v:1, k:ed@triangulo, mode:EDIT
2026-07-08 22:08:56, MOVE, v:1, k:ed@treinando, mode:EDIT
2026-07-08 22:11:34, MOVE, v:1, k:ed@treinando, mode:EDIT
2026-07-08 22:14:03, EXEC, v:1, k:ed@treinando, mode:FULL, rate:0, size:96
2026-07-08 22:15:08, EXEC, v:1, k:ed@treinando, mode:FULL, rate:0, size:96
2026-07-08 22:15:29, EXEC, v:1, k:ed@treinando, mode:FULL, rate:16, size:96
2026-07-08 22:16:00, EXEC, v:1, k:ed@treinando, mode:FULL, rate:0, size:96
2026-07-08 22:16:20, EXEC, v:1, k:ed@treinando, mode:FULL, rate:16, size:96
2026-07-08 22:16:39, MOVE, v:1, k:ed@treinando, mode:EDIT
2026-07-08 22:16:20, MOVE, v:1, k:ed@treinando, mode:EDIT
2026-07-08 22:16:52, EXEC, v:1, k:ed@treinando, mode:FULL, rate:16, size:92
2026-07-08 22:17:17, EXEC, v:1, k:ed@treinando, mode:FULL, rate:16, size:96
2026-07-08 22:18:26, MOVE, v:1, k:ed@treinando, mode:BACK
2026-07-08 22:18:38, MOVE, v:1, k:ed@rotacoes, mode:PICK
2026-07-08 22:18:46, MOVE, v:1, k:ed@rotacoes, mode:BACK
2026-07-08 22:18:56, MOVE, v:1, k:ed@treinando, mode:PICK
2026-07-08 22:21:39, MOVE, v:1, k:ed@treinando, mode:EDIT
2026-07-08 22:17:17, MOVE, v:1, k:ed@treinando, mode:EDIT
2026-07-08 22:26:37, MOVE, v:1, k:ed@treinando, mode:EDIT
2026-07-08 22:27:07, EXEC, v:1, k:ed@treinando, mode:FULL, rate:16, size:103
2026-07-08 22:28:57, EXEC, v:1, k:ed@treinando, mode:FULL, rate:16, size:103
2026-07-08 22:31:37, MOVE, v:1, k:ed@treinando, mode:EDIT
2026-07-08 22:28:57, MOVE, v:1, k:ed@treinando, mode:EDIT
2026-07-08 22:31:54, EXEC, v:1, k:ed@treinando, mode:FULL, rate:16, size:102
2026-07-08 22:36:19, EXEC, v:1, k:ed@treinando, mode:FULL, rate:16, size:104
2026-07-08 22:36:17, MOVE, v:1, k:ed@treinando, mode:EDIT
2026-07-08 22:36:19, MOVE, v:1, k:ed@treinando, mode:EDIT
2026-07-08 22:38:26, EXEC, v:1, k:ed@treinando, mode:FULL, rate:33, size:104
2026-07-08 22:40:39, EXEC, v:1, k:ed@treinando, mode:FULL, rate:50, size:111
2026-07-08 22:41:39, MOVE, v:1, k:ed@treinando, mode:EDIT
2026-07-08 22:40:39, MOVE, v:1, k:ed@treinando, mode:EDIT
2026-07-08 22:41:46, EXEC, v:1, k:ed@treinando, mode:FULL, rate:66, size:114
2026-07-08 22:42:20, EXEC, v:1, k:ed@treinando, mode:FULL, rate:66, size:117
2026-07-08 22:42:34, EXEC, v:1, k:ed@treinando, mode:FULL, rate:66
2026-07-08 22:43:05, EXEC, v:1, k:ed@treinando, mode:FULL, rate:83, size:117
2026-07-08 22:46:39, MOVE, v:1, k:ed@treinando, mode:EDIT
2026-07-08 22:43:05, MOVE, v:1, k:ed@treinando, mode:EDIT
2026-07-08 22:51:08, MOVE, v:1, k:ed@treinando, mode:EDIT
2026-07-08 22:56:31, MOVE, v:1, k:ed@treinando, mode:EDIT
2026-07-08 23:01:32, MOVE, v:1, k:ed@treinando, mode:EDIT
2026-07-08 23:06:42, MOVE, v:1, k:ed@treinando, mode:EDIT
2026-07-08 23:09:23, MOVE, v:1, k:ed@treinando, mode:EDIT
2026-07-08 23:13:57, EXEC, v:1, k:ed@treinando, mode:FULL, rate:83, size:136
2026-07-08 23:15:49, EXEC, v:1, k:ed@treinando, mode:FULL, rate:83, size:135
2026-07-08 23:15:46, MOVE, v:1, k:ed@treinando, mode:EDIT
2026-07-08 23:15:49, MOVE, v:1, k:ed@treinando, mode:EDIT
2026-07-08 23:17:45, EXEC, v:1, k:ed@treinando, mode:FULL, rate:100, size:140
2026-07-08 23:17:50, MOVE, v:1, k:ed@treinando, mode:BACK
2026-07-08 23:18:07, SELF, v:1, k:ed@treinando, self:1, rate:100, concept:1, refactor:1
