2026-05-31 13:06:18, MOVE, v:1, k:ed@princesa, mode:PICK
2026-05-31 13:06:26, EXEC, v:1, k:ed@princesa, mode:FULL, rate:0, size:46
2026-05-31 13:06:34, EXEC, v:1, k:ed@princesa, mode:FULL, rate:0
2026-05-31 13:06:36, EXEC, v:1, k:ed@princesa, mode:FREE
2026-05-31 13:09:20, MOVE, v:1, k:ed@princesa, mode:EDIT
2026-05-31 13:09:29, MOVE, v:1, k:ed@princesa, mode:EDIT
2026-05-31 13:15:44, EXEC, v:1, k:ed@princesa, mode:FULL, rate:16, size:50
2026-05-31 13:15:22, MOVE, v:1, k:ed@princesa, mode:EDIT
2026-05-31 13:15:44, MOVE, v:1, k:ed@princesa, mode:EDIT
2026-05-31 13:16:36, EXEC, v:1, k:ed@princesa, mode:FREE
2026-05-31 13:16:37, MOVE, v:1, k:ed@princesa, mode:EDIT
2026-05-31 13:20:51, MOVE, v:1, k:ed@princesa, mode:EDIT
2026-05-31 13:24:37, EXEC, v:1, k:ed@princesa, mode:FULL, rate:100, size:50
2026-05-31 13:24:41, MOVE, v:1, k:ed@princesa, mode:BACK
2026-05-31 13:24:37, MOVE, v:1, k:ed@princesa, mode:EDIT
2026-05-31 13:23:05, MOVE, v:1, k:ed@princesa, mode:EDIT
2026-05-31 13:26:18, SELF, v:1, k:ed@princesa, self:1, rate:100
2026-05-31 13:26:48, MOVE, v:1, k:ed@princesa, mode:PICK
2026-05-31 13:26:50, MOVE, v:1, k:ed@princesa, mode:BACK
2026-05-31 13:29:47, SELF, v:1, k:ed@princesa, self:1, rate:100
2026-05-31 13:29:52, SELF, v:1, k:ed@princesa, self:1, rate:100, refactor:1
2026-05-31 13:29:53, MOVE, v:1, k:ed@princesa, mode:PICK
2026-05-31 13:29:55, EXEC, v:1, k:ed@princesa, mode:FULL, rate:0, size:48
2026-05-31 13:29:34, MOVE, v:1, k:ed@princesa, mode:EDIT
2026-05-31 13:29:55, MOVE, v:1, k:ed@princesa, mode:EDIT
2026-05-31 13:31:52, MOVE, v:1, k:ed@princesa, mode:BACK
2026-05-31 13:31:53, MOVE, v:1, k:ed@princesa, mode:PICK
2026-05-31 13:31:54, EXEC, v:1, k:ed@princesa, mode:FULL, rate:100, size:50
2026-05-31 13:31:55, MOVE, v:1, k:ed@princesa, mode:BACK
2026-05-31 13:32:06, SELF, v:1, k:ed@princesa, self:1, rate:100
2026-05-31 13:32:10, MOVE, v:1, k:ed@apagando, mode:PICK
2026-05-31 13:35:44, MOVE, v:1, k:ed@apagando, mode:BACK
