2026-07-12 00:20:24, EXEC, v:1, k:ed@lista_d1, mode:FULL, rate:42, size:119
2026-07-12 00:21:14, MOVE, v:1, k:ed@lista_d1, mode:EDIT
2026-07-12 00:20:24, MOVE, v:1, k:ed@lista_d1, mode:EDIT
2026-07-12 00:22:20, EXEC, v:1, k:ed@lista_d1, mode:FULL, rate:57, size:123
2026-07-12 00:22:42, MOVE, v:1, k:ed@lista_d1, mode:EDIT
2026-07-12 00:22:19, MOVE, v:1, k:ed@lista_d1, mode:EDIT
2026-07-12 00:30:04, EXEC, v:1, k:ed@lista_d1, mode:FULL, rate:71, size:130
2026-07-12 00:31:02, MOVE, v:1, k:ed@lista_d1, mode:EDIT
2026-07-12 00:30:04, MOVE, v:1, k:ed@lista_d1, mode:EDIT
2026-07-12 00:35:41, EXEC, v:1, k:ed@lista_d1, mode:FULL, rate:85, size:144
2026-07-12 00:35:58, EXEC, v:1, k:ed@lista_d1, mode:FULL, rate:85
2026-07-12 00:35:40, MOVE, v:1, k:ed@lista_d1, mode:EDIT
2026-07-12 00:35:58, MOVE, v:1, k:ed@lista_d1, mode:EDIT
2026-07-12 00:37:05, EXEC, v:1, k:ed@lista_d1, mode:FULL, rate:85
2026-07-12 00:40:24, EXEC, v:1, k:ed@lista_d1, mode:FULL, rate:100, size:144
2026-07-12 00:40:27, MOVE, v:1, k:ed@lista_d1, mode:BACK
2026-07-12 00:40:53, SELF, v:1, k:ed@lista_d1, self:1, rate:100, study:90, concept:1
2026-07-12 00:41:14, MOVE, v:1, k:ed@lista_d2, mode:DOWN
2026-07-12 00:40:24, MOVE, v:1, k:ed@lista_d1, mode:EDIT
2026-07-12 00:40:22, MOVE, v:1, k:ed@lista_d1, mode:EDIT
2026-07-12 00:41:14, MOVE, v:1, k:ed@lista_d2, mode:EDIT
2026-07-12 00:41:14, MOVE, v:1, k:ed@lista_d2, mode:EDIT
2026-07-12 00:43:38, MOVE, v:1, k:ed@lista_d2, mode:PICK
2026-07-12 00:46:32, MOVE, v:1, k:ed@lista_d2, mode:EDIT
2026-07-12 00:51:28, MOVE, v:1, k:ed@lista_d2, mode:EDIT
2026-07-12 00:56:25, MOVE, v:1, k:ed@lista_d2, mode:EDIT
2026-07-12 01:01:18, EXEC, v:1, k:ed@lista_d2, mode:FULL, rate:20, size:185
2026-07-12 01:01:02, MOVE, v:1, k:ed@lista_d2, mode:EDIT
2026-07-12 01:01:18, MOVE, v:1, k:ed@lista_d2, mode:EDIT
2026-07-12 01:01:39, MOVE, v:1, k:ed@lista_d2, mode:EDIT
2026-07-12 01:10:21, MOVE, v:1, k:ed@lista_d2, mode:EDIT
2026-07-12 01:21:00, MOVE, v:1, k:ed@lista_d2, mode:EDIT
2026-07-12 01:25:07, EXEC, v:1, k:ed@lista_d2, mode:FULL, rate:20, size:197
2026-07-12 01:25:23, EXEC, v:1, k:ed@lista_d2, mode:FULL, rate:20
2026-07-12 01:23:14, MOVE, v:1, k:ed@lista_d2, mode:EDIT
2026-07-12 01:25:21, MOVE, v:1, k:ed@lista_d2, mode:EDIT
2026-07-12 01:31:22, EXEC, v:1, k:ed@lista_d2, mode:FULL, rate:20, size:199
2026-07-12 01:28:36, MOVE, v:1, k:ed@lista_d2, mode:EDIT
2026-07-12 01:31:20, MOVE, v:1, k:ed@lista_d2, mode:EDIT
2026-07-12 01:33:27, EXEC, v:1, k:ed@lista_d2, mode:FULL, rate:20, size:200
2026-07-12 01:33:21, MOVE, v:1, k:ed@lista_d2, mode:EDIT
2026-07-12 01:33:26, MOVE, v:1, k:ed@lista_d2, mode:EDIT
2026-07-12 01:37:46, EXEC, v:1, k:ed@lista_d2, mode:FULL, rate:40, size:206
2026-07-12 01:41:30, MOVE, v:1, k:ed@lista_d2, mode:EDIT
2026-07-12 01:37:46, MOVE, v:1, k:ed@lista_d2, mode:EDIT
2026-07-12 01:44:38, EXEC, v:1, k:ed@lista_d2, mode:FULL, rate:60, size:215
2026-07-12 01:45:04, MOVE, v:1, k:ed@lista_d2, mode:EDIT
2026-07-12 01:44:38, MOVE, v:1, k:ed@lista_d2, mode:EDIT
2026-07-12 01:51:31, MOVE, v:1, k:ed@lista_d2, mode:EDIT
2026-07-12 01:52:53, EXEC, v:1, k:ed@lista_d2, mode:FULL, rate:80, size:228
2026-07-12 01:55:01, EXEC, v:1, k:ed@lista_d2, mode:FULL, rate:100, size:233
2026-07-12 01:55:04, MOVE, v:1, k:ed@lista_d2, mode:BACK
2026-07-12 01:55:16, SELF, v:1, k:ed@lista_d2, self:1, rate:100, study:90, concept:1
2026-07-12 01:55:33, MOVE, v:1, k:ed@prin_list1, mode:DOWN
2026-07-12 01:55:40, MOVE, v:1, k:ed@prin_list1, mode:PICK
2026-07-12 01:55:00, MOVE, v:1, k:ed@lista_d2, mode:EDIT
2026-07-12 01:55:00, MOVE, v:1, k:ed@lista_d2, mode:EDIT
2026-07-12 01:55:33, MOVE, v:1, k:ed@prin_list1, mode:EDIT
2026-07-12 01:55:33, MOVE, v:1, k:ed@prin_list1, mode:EDIT
2026-07-12 01:55:33, MOVE, v:1, k:ed@prin_list1, mode:EDIT
2026-07-12 02:06:35, MOVE, v:1, k:ed@prin_list1, mode:EDIT
2026-07-12 02:07:49, MOVE, v:1, k:ed@prin_list1, mode:EDIT
2026-07-12 02:19:20, MOVE, v:1, k:ed@prin_list1, mode:EDIT
2026-07-12 02:24:40, EXEC, v:1, k:ed@prin_list1, mode:FULL, rate:0, size:193
2026-07-12 02:25:10, EXEC, v:1, k:ed@prin_list1, mode:FULL, rate:0, size:192
2026-07-12 02:25:19, MOVE, v:1, k:ed@prin_list1, mode:PICK
2026-07-12 02:25:28, EXEC, v:1, k:ed@prin_list1, mode:FULL, rate:0, size:193
2026-07-12 02:26:49, EXEC, v:1, k:ed@prin_list1, mode:FULL, rate:100, size:192
2026-07-12 02:26:56, MOVE, v:1, k:ed@prin_list1, mode:BACK
2026-07-12 02:27:17, SELF, v:1, k:ed@prin_list1, self:1, rate:100, study:45, concept:1, refactor:1
2026-07-12 02:27:26, MOVE, v:1, k:ed@editorint, mode:DOWN
2026-07-12 02:27:36, MOVE, v:1, k:ed@lista_d4, mode:DOWN
2026-07-12 02:27:46, MOVE, v:1, k:ed@lista_d4, mode:PICK
2026-07-12 02:26:48, MOVE, v:1, k:ed@prin_list1, mode:EDIT
2026-07-12 02:26:49, MOVE, v:1, k:ed@prin_list1, mode:EDIT
2026-07-12 02:27:26, MOVE, v:1, k:ed@editorint, mode:EDIT
2026-07-12 02:27:26, MOVE, v:1, k:ed@editorint, mode:EDIT
2026-07-12 02:27:26, MOVE, v:1, k:ed@editorint, mode:EDIT
2026-07-12 02:27:36, MOVE, v:1, k:ed@lista_d4, mode:EDIT
2026-07-12 02:27:36, MOVE, v:1, k:ed@lista_d4, mode:EDIT
2026-07-12 02:41:10, MOVE, v:1, k:ed@lista_d4, mode:BACK
2026-07-12 04:16:44, MOVE, v:1, k:ed@lista_d4, mode:PICK
2026-07-12 04:25:16, MOVE, v:1, k:ed@lista_d4, mode:EDIT
2026-07-12 04:25:31, EXEC, v:1, k:ed@lista_d4, mode:FULL, rate:0, size:127
2026-07-12 04:26:14, EXEC, v:1, k:ed@lista_d4, mode:FULL, rate:0, size:128
2026-07-12 04:26:14, MOVE, v:1, k:ed@lista_d4, mode:EDIT
2026-07-12 04:30:21, MOVE, v:1, k:ed@lista_d4, mode:EDIT
2026-07-12 04:35:21, MOVE, v:1, k:ed@lista_d4, mode:EDIT
2026-07-12 04:37:58, EXEC, v:1, k:ed@lista_d4, mode:FULL, rate:66, size:151
2026-07-12 04:37:28, MOVE, v:1, k:ed@lista_d4, mode:EDIT
2026-07-12 04:37:58, MOVE, v:1, k:ed@lista_d4, mode:EDIT
2026-07-12 04:42:19, EXEC, v:1, k:ed@lista_d4, mode:FULL, rate:100, size:151
2026-07-12 04:42:21, MOVE, v:1, k:ed@lista_d4, mode:BACK
2026-07-12 04:42:36, SELF, v:1, k:ed@lista_d4, self:1, rate:100, study:60, concept:1
2026-07-12 04:43:29, MOVE, v:1, k:ed@bufferring, mode:DOWN
2026-07-12 04:43:32, MOVE, v:1, k:ed@bufferring, mode:PICK
2026-07-12 04:42:04, MOVE, v:1, k:ed@lista_d4, mode:EDIT
2026-07-12 04:42:19, MOVE, v:1, k:ed@lista_d4, mode:EDIT
2026-07-12 04:43:29, MOVE, v:1, k:ed@bufferring, mode:EDIT
2026-07-12 04:43:29, MOVE, v:1, k:ed@bufferring, mode:EDIT
2026-07-12 05:11:12, EXEC, v:1, k:ed@bufferring, mode:FULL, rate:0, size:110
2026-07-12 05:12:32, EXEC, v:1, k:ed@bufferring, mode:FULL, rate:0, size:114
2026-07-12 05:12:32, MOVE, v:1, k:ed@bufferring, mode:EDIT
2026-07-12 05:14:14, MOVE, v:1, k:ed@bufferring, mode:EDIT
2026-07-12 05:17:55, EXEC, v:1, k:ed@bufferring, mode:FULL, rate:16, size:121
2026-07-12 05:18:52, MOVE, v:1, k:ed@bufferring, mode:EDIT
2026-07-12 05:17:55, MOVE, v:1, k:ed@bufferring, mode:EDIT
2026-07-12 05:24:41, EXEC, v:1, k:ed@bufferring, mode:FULL, rate:16, size:127
2026-07-12 05:24:31, MOVE, v:1, k:ed@bufferring, mode:EDIT
2026-07-12 05:24:41, MOVE, v:1, k:ed@bufferring, mode:EDIT
2026-07-12 05:28:24, EXEC, v:1, k:ed@bufferring, mode:FULL, rate:16, size:137
2026-07-12 05:30:22, MOVE, v:1, k:ed@bufferring, mode:EDIT
2026-07-12 05:28:24, MOVE, v:1, k:ed@bufferring, mode:EDIT
2026-07-12 05:30:42, EXEC, v:1, k:ed@bufferring, mode:FULL, rate:16, size:144
2026-07-12 05:32:24, EXEC, v:1, k:ed@bufferring, mode:FULL, rate:16, size:144
2026-07-12 05:33:01, EXEC, v:1, k:ed@bufferring, mode:FULL, rate:16, size:144
2026-07-12 05:33:57, EXEC, v:1, k:ed@bufferring, mode:FULL, rate:16, size:147
2026-07-12 05:34:36, EXEC, v:1, k:ed@bufferring, mode:FULL, rate:16, size:147
2026-07-12 05:34:34, MOVE, v:1, k:ed@bufferring, mode:EDIT
2026-07-12 05:34:36, MOVE, v:1, k:ed@bufferring, mode:EDIT
2026-07-12 05:42:02, EXEC, v:1, k:ed@bufferring, mode:FULL, rate:33, size:155
2026-07-12 05:44:14, EXEC, v:1, k:ed@bufferring, mode:FULL, rate:33
2026-07-12 05:41:00, MOVE, v:1, k:ed@bufferring, mode:EDIT
2026-07-12 05:44:14, MOVE, v:1, k:ed@bufferring, mode:EDIT
2026-07-12 05:47:37, EXEC, v:1, k:ed@bufferring, mode:FULL, rate:33, size:156
2026-07-12 05:49:36, EXEC, v:1, k:ed@bufferring, mode:FULL, rate:50, size:162
2026-07-12 05:49:47, MOVE, v:1, k:ed@bufferring, mode:BACK
2026-07-12 05:49:49, MOVE, v:1, k:ed@bufferring, mode:PICK
2026-07-12 05:50:14, MOVE, v:1, k:ed@bufferring, mode:EDIT
2026-07-12 05:49:35, MOVE, v:1, k:ed@bufferring, mode:EDIT
2026-07-12 05:51:33, EXEC, v:1, k:ed@bufferring, mode:FULL, rate:50, size:163
2026-07-12 05:52:41, EXEC, v:1, k:ed@bufferring, mode:FULL, rate:83, size:169
2026-07-12 05:55:28, MOVE, v:1, k:ed@bufferring, mode:EDIT
2026-07-12 05:52:41, MOVE, v:1, k:ed@bufferring, mode:EDIT
2026-07-12 05:56:02, EXEC, v:1, k:ed@bufferring, mode:FULL, rate:83, size:177
2026-07-12 05:55:57, MOVE, v:1, k:ed@bufferring, mode:EDIT
2026-07-12 05:56:02, MOVE, v:1, k:ed@bufferring, mode:EDIT
2026-07-12 06:04:45, EXEC, v:1, k:ed@bufferring, mode:FULL, rate:100, size:177
2026-07-12 06:04:47, MOVE, v:1, k:ed@bufferring, mode:BACK
2026-07-12 06:05:06, SELF, v:1, k:ed@bufferring, self:1, rate:100, study:60, concept:1
2026-07-12 06:04:42, MOVE, v:1, k:ed@bufferring, mode:EDIT
2026-07-12 06:04:45, MOVE, v:1, k:ed@bufferring, mode:EDIT
2026-07-12 06:08:47, SELF, v:1, k:ed@bufferring, self:1, rate:100, study:80, concept:1
2026-07-12 06:10:28, MOVE, v:1, k:ed@fila_enc, mode:DOWN
2026-07-12 06:10:44, MOVE, v:1, k:ed@fila_enc, mode:PICK
2026-07-12 06:10:28, MOVE, v:1, k:ed@fila_enc, mode:EDIT
2026-07-12 06:10:28, MOVE, v:1, k:ed@fila_enc, mode:EDIT
2026-07-12 06:18:01, MOVE, v:1, k:ed@fila_enc, mode:EDIT
2026-07-12 06:22:36, EXEC, v:1, k:ed@fila_enc, mode:FULL, rate:33, size:98
2026-07-12 06:23:09, MOVE, v:1, k:ed@fila_enc, mode:EDIT
2026-07-12 06:22:36, MOVE, v:1, k:ed@fila_enc, mode:EDIT
2026-07-12 06:27:08, EXEC, v:1, k:ed@fila_enc, mode:FULL, rate:66, size:104
2026-07-12 06:27:55, MOVE, v:1, k:ed@fila_enc, mode:EDIT
2026-07-12 06:27:08, MOVE, v:1, k:ed@fila_enc, mode:EDIT
2026-07-12 06:30:11, EXEC, v:1, k:ed@fila_enc, mode:FULL, rate:66, size:108
2026-07-12 06:33:12, MOVE, v:1, k:ed@fila_enc, mode:EDIT
2026-07-12 06:30:11, MOVE, v:1, k:ed@fila_enc, mode:EDIT
2026-07-12 06:34:06, EXEC, v:1, k:ed@fila_enc, mode:FULL, rate:66, size:111
2026-07-12 06:35:41, EXEC, v:1, k:ed@fila_enc, mode:FULL, rate:66, size:112
2026-07-12 06:37:05, EXEC, v:1, k:ed@fila_enc, mode:FULL, rate:100, size:116
2026-07-12 06:37:07, MOVE, v:1, k:ed@fila_enc, mode:BACK
2026-07-12 06:37:24, SELF, v:1, k:ed@fila_enc, self:1, rate:100, study:30, concept:1
2026-07-12 06:36:47, MOVE, v:1, k:ed@fila_enc, mode:EDIT
2026-07-12 06:37:05, MOVE, v:1, k:ed@fila_enc, mode:EDIT
2026-07-12 06:38:53, MOVE, v:1, k:ed@pilha, mode:DOWN
2026-07-12 06:39:07, MOVE, v:1, k:ed@pilha, mode:PICK
2026-07-12 06:38:53, MOVE, v:1, k:ed@pilha, mode:EDIT
2026-07-12 06:41:28, MOVE, v:1, k:ed@pilha, mode:EDIT
2026-07-12 06:48:05, MOVE, v:1, k:ed@pilha, mode:EDIT
2026-07-12 06:49:16, MOVE, v:1, k:ed@pilha, mode:EDIT
2026-07-12 08:07:45, MOVE, v:1, k:ed@pilha, mode:BACK
2026-07-12 08:07:46, MOVE, v:1, k:ed@pilha, mode:PICK
2026-07-12 08:07:59, EXEC, v:1, k:ed@pilha, mode:FULL, rate:0, size:85
2026-07-12 08:08:20, MOVE, v:1, k:ed@pilha, mode:EDIT
2026-07-12 08:07:59, MOVE, v:1, k:ed@pilha, mode:EDIT
2026-07-12 08:10:23, EXEC, v:1, k:ed@pilha, mode:FULL, rate:33, size:89
2026-07-12 08:13:26, MOVE, v:1, k:ed@pilha, mode:EDIT
2026-07-12 08:10:23, MOVE, v:1, k:ed@pilha, mode:EDIT
2026-07-12 08:16:47, EXEC, v:1, k:ed@pilha, mode:FULL, rate:33, size:97
2026-07-12 08:17:59, EXEC, v:1, k:ed@pilha, mode:FULL, rate:33, size:101
2026-07-12 08:17:53, MOVE, v:1, k:ed@pilha, mode:EDIT
2026-07-12 08:17:59, MOVE, v:1, k:ed@pilha, mode:EDIT
2026-07-12 08:20:56, EXEC, v:1, k:ed@pilha, mode:FULL, rate:33, size:101
2026-07-12 08:22:12, EXEC, v:1, k:ed@pilha, mode:FULL, rate:66, size:105
2026-07-12 08:23:25, MOVE, v:1, k:ed@pilha, mode:EDIT
2026-07-12 08:22:12, MOVE, v:1, k:ed@pilha, mode:EDIT
2026-07-12 08:24:37, EXEC, v:1, k:ed@pilha, mode:FULL, rate:100, size:113
2026-07-12 08:24:38, MOVE, v:1, k:ed@pilha, mode:BACK
2026-07-12 08:24:54, SELF, v:1, k:ed@pilha, self:1, rate:100, study:20
2026-07-12 08:25:43, MOVE, v:1, k:ed@chaves, mode:DOWN
2026-07-12 08:25:44, MOVE, v:1, k:ed@chaves, mode:PICK
2026-07-12 08:25:43, MOVE, v:1, k:ed@chaves, mode:EDIT
2026-07-12 08:25:43, MOVE, v:1, k:ed@chaves, mode:EDIT
2026-07-12 08:25:43, MOVE, v:1, k:ed@chaves, mode:EDIT
2026-07-12 08:34:59, MOVE, v:1, k:ed@chaves, mode:EDIT
2026-07-12 08:37:08, MOVE, v:1, k:ed@chaves, mode:EDIT
2026-07-12 09:54:56, MOVE, v:1, k:ed@chaves, mode:EDIT
2026-07-12 10:00:30, MOVE, v:1, k:ed@chaves, mode:EDIT
2026-07-12 10:00:47, EXEC, v:1, k:ed@chaves, mode:FULL, rate:100, size:68
2026-07-12 10:00:48, MOVE, v:1, k:ed@chaves, mode:BACK
2026-07-12 10:01:01, SELF, v:1, k:ed@chaves, self:1, rate:100, study:15
2026-07-12 10:10:14, MOVE, v:1, k:ed@queimando, mode:DOWN
2026-07-12 10:10:15, MOVE, v:1, k:ed@queimando, mode:PICK
2026-07-12 10:10:53, MOVE, v:1, k:ed@queimando, mode:BACK
2026-07-12 10:11:20, MOVE, v:1, k:ed@queimando, mode:PICK
2026-07-12 10:10:14, MOVE, v:1, k:ed@queimando, mode:EDIT
2026-07-12 10:10:30, MOVE, v:1, k:ed@queimando, mode:EDIT
2026-07-12 10:10:14, MOVE, v:1, k:ed@queimando, mode:EDIT
2026-07-12 10:15:48, MOVE, v:1, k:ed@queimando, mode:EDIT
2026-07-12 10:17:29, MOVE, v:1, k:ed@queimando, mode:EDIT
2026-07-12 10:26:32, MOVE, v:1, k:ed@queimando, mode:EDIT
2026-07-12 10:28:56, EXEC, v:1, k:ed@queimando, mode:FULL, rate:20, size:91
2026-07-12 10:30:30, EXEC, v:1, k:ed@queimando, mode:FULL, rate:0, size:92
2026-07-12 10:31:25, EXEC, v:1, k:ed@queimando, mode:FULL, rate:0, size:92
2026-07-12 10:31:32, MOVE, v:1, k:ed@queimando, mode:EDIT
2026-07-12 10:31:25, MOVE, v:1, k:ed@queimando, mode:EDIT
2026-07-12 10:33:24, MOVE, v:1, k:ed@queimando, mode:PICK
2026-07-12 10:34:41, EXEC, v:1, k:ed@queimando, mode:FULL, rate:20, size:92
2026-07-12 10:34:53, EXEC, v:1, k:ed@queimando, mode:FULL, rate:20
2026-07-12 10:37:23, EXEC, v:1, k:ed@queimando, mode:FULL, rate:100, size:92
2026-07-12 10:37:26, MOVE, v:1, k:ed@queimando, mode:BACK
2026-07-12 10:37:52, SELF, v:1, k:ed@queimando, self:1, rate:100, study:30, refactor:1
2026-07-12 10:37:55, MOVE, v:1, k:ed@pilhado, mode:DOWN
2026-07-12 10:38:05, MOVE, v:1, k:ed@pilhado, mode:PICK
2026-07-12 10:37:13, MOVE, v:1, k:ed@queimando, mode:EDIT
2026-07-12 10:37:23, MOVE, v:1, k:ed@queimando, mode:EDIT
2026-07-12 10:37:55, MOVE, v:1, k:ed@pilhado, mode:EDIT
2026-07-12 10:37:55, MOVE, v:1, k:ed@pilhado, mode:EDIT
2026-07-12 10:37:55, MOVE, v:1, k:ed@pilhado, mode:EDIT
2026-07-12 10:40:49, MOVE, v:1, k:ed@pilhado, mode:EDIT
2026-07-12 11:10:15, MOVE, v:1, k:ed@pilhado, mode:PICK
2026-07-12 11:12:24, MOVE, v:1, k:ed@pilhado, mode:EDIT
2026-07-12 11:12:47, EXEC, v:1, k:ed@pilhado, mode:FULL, size:142, fail:COMP
2026-07-12 11:15:51, EXEC, v:1, k:ed@pilhado, mode:FULL, rate:0, size:142
2026-07-12 11:15:47, MOVE, v:1, k:ed@pilhado, mode:EDIT
2026-07-12 11:15:51, MOVE, v:1, k:ed@pilhado, mode:EDIT
2026-07-12 11:18:33, EXEC, v:1, k:ed@pilhado, mode:FULL, rate:0, size:142
2026-07-12 11:20:06, MOVE, v:1, k:ed@pilhado, mode:EDIT
2026-07-12 11:18:33, MOVE, v:1, k:ed@pilhado, mode:EDIT
2026-07-12 11:30:42, EXEC, v:1, k:ed@pilhado, mode:FULL, rate:0, size:142
2026-07-12 11:31:46, EXEC, v:1, k:ed@pilhado, mode:FULL, rate:0, size:142
2026-07-12 11:31:56, EXEC, v:1, k:ed@pilhado, mode:FULL, rate:0, size:142
2026-07-12 11:31:56, MOVE, v:1, k:ed@pilhado, mode:EDIT
2026-07-12 11:31:54, MOVE, v:1, k:ed@pilhado, mode:EDIT
2026-07-12 11:41:09, EXEC, v:1, k:ed@pilhado, mode:FULL, rate:0, size:144
2026-07-12 11:41:03, MOVE, v:1, k:ed@pilhado, mode:EDIT
2026-07-12 11:41:09, MOVE, v:1, k:ed@pilhado, mode:EDIT
2026-07-12 11:42:31, EXEC, v:1, k:ed@pilhado, mode:FULL, rate:0, size:131
2026-07-12 11:44:49, EXEC, v:1, k:ed@pilhado, mode:FULL, rate:100, size:132
2026-07-12 11:44:51, MOVE, v:1, k:ed@pilhado, mode:BACK
2026-07-12 11:45:15, SELF, v:1, k:ed@pilhado, self:1, rate:100, study:90, concept:1, refactor:1
