2026-06-07 19:07:25, MOVE, v:1, k:ed@apagando, mode:PICK
2026-06-07 19:07:30, EXEC, v:1, k:ed@apagando, mode:FREE, size:26
2026-06-07 19:10:23, EXEC, v:1, k:ed@apagando, mode:FULL, rate:30
2026-06-07 19:10:42, EXEC, v:1, k:ed@apagando, mode:FULL, rate:40
2026-06-07 19:10:41, MOVE, v:1, k:ed@apagando, mode:EDIT
2026-06-07 19:15:33, MOVE, v:1, k:ed@apagando, mode:EDIT
2026-06-07 19:22:17, MOVE, v:1, k:ed@apagando, mode:EDIT
2026-06-07 19:27:20, MOVE, v:1, k:ed@apagando, mode:EDIT
2026-06-07 19:27:55, EXEC, v:1, k:ed@apagando, mode:FULL, rate:100, size:28
2026-06-07 19:28:12, MOVE, v:1, k:ed@apagando, mode:BACK
2026-06-07 19:28:40, SELF, v:1, k:ed@apagando, self:1, rate:100, study:15, concept:1
2026-06-07 19:29:02, MOVE, v:1, k:ed@apagando, mode:PICK
2026-06-07 19:29:09, EXEC, v:1, k:ed@apagando, mode:FULL, rate:100
2026-06-07 19:29:10, EXEC, v:1, k:ed@apagando, mode:FULL, rate:100
2026-06-07 19:29:10, EXEC, v:1, k:ed@apagando, mode:FULL, rate:100
2026-06-07 19:29:11, MOVE, v:1, k:ed@apagando, mode:BACK
2026-06-07 19:29:18, MOVE, v:1, k:ed@especiais, mode:PICK
2026-06-07 19:29:18, MOVE, v:1, k:ed@especiais, mode:BACK
2026-06-07 19:29:24, MOVE, v:1, k:ed@manipulacao, mode:PICK
2026-06-07 19:27:46, MOVE, v:1, k:ed@apagando, mode:EDIT
2026-06-07 19:29:10, MOVE, v:1, k:ed@apagando, mode:EDIT
2026-06-07 19:36:08, MOVE, v:1, k:ed@manipulacao, mode:EDIT
2026-06-07 19:40:17, MOVE, v:1, k:ed@manipulacao, mode:EDIT
2026-06-07 19:44:19, MOVE, v:1, k:ed@manipulacao, mode:EDIT
