2026-07-10 21:01:18, MOVE, v:1, k:ed@queimada, mode:PICK
2026-07-10 21:01:22, EXEC, v:1, k:ed@queimada, mode:FREE, size:50
2026-07-10 21:05:42, EXEC, v:1, k:ed@queimada, mode:FULL, rate:100, size:49
2026-07-10 21:05:43, MOVE, v:1, k:ed@queimada, mode:BACK
2026-07-10 21:06:05, SELF, v:1, k:ed@queimada, self:1, rate:100, study:20
2026-07-10 21:04:17, MOVE, v:1, k:ed@queimada, mode:EDIT
2026-07-10 21:05:42, MOVE, v:1, k:ed@queimada, mode:EDIT
2026-07-10 21:06:33, MOVE, v:1, k:ed@labirinto, mode:DOWN
2026-07-10 21:06:35, MOVE, v:1, k:ed@labirinto, mode:PICK
2026-07-10 21:06:40, MOVE, v:1, k:ed@labirinto, mode:BACK
2026-07-10 21:09:52, MOVE, v:1, k:ed@labirinto, mode:PICK
2026-07-10 21:06:33, MOVE, v:1, k:ed@labirinto, mode:EDIT
2026-07-10 21:06:33, MOVE, v:1, k:ed@labirinto, mode:EDIT
2026-07-10 21:21:12, MOVE, v:1, k:ed@labirinto, mode:EDIT
2026-07-10 21:25:56, MOVE, v:1, k:ed@labirinto, mode:EDIT
2026-07-10 21:30:47, MOVE, v:1, k:ed@labirinto, mode:EDIT
2026-07-10 21:36:16, MOVE, v:1, k:ed@labirinto, mode:EDIT
2026-07-10 21:38:56, EXEC, v:1, k:ed@labirinto, mode:FREE, size:99
2026-07-10 21:38:33, MOVE, v:1, k:ed@labirinto, mode:EDIT
2026-07-10 21:38:57, MOVE, v:1, k:ed@labirinto, mode:EDIT
2026-07-10 21:46:02, MOVE, v:1, k:ed@labirinto, mode:EDIT
2026-07-10 21:49:11, MOVE, v:1, k:ed@labirinto, mode:EDIT
2026-07-10 21:49:52, MOVE, v:1, k:ed@labirinto, mode:EDIT
2026-07-10 22:06:12, MOVE, v:1, k:ed@labirinto, mode:EDIT
2026-07-10 22:10:03, MOVE, v:1, k:ed@labirinto, mode:EDIT
2026-07-10 22:10:29, MOVE, v:1, k:ed@labirinto, mode:EDIT
2026-07-10 22:15:26, EXEC, v:1, k:ed@labirinto, mode:FULL, rate:100, size:99
2026-07-10 22:15:27, MOVE, v:1, k:ed@labirinto, mode:BACK
2026-07-10 22:15:51, SELF, v:1, k:ed@labirinto, self:1, rate:100, study:35, concept:1
2026-07-10 22:14:51, MOVE, v:1, k:ed@labirinto, mode:EDIT
2026-07-10 22:15:26, MOVE, v:1, k:ed@labirinto, mode:EDIT
2026-07-10 22:16:38, MOVE, v:1, k:ed@fractais_png, mode:PICK
2026-07-10 22:17:14, EXEC, v:1, k:ed@fractais_png, mode:LOCK, rate:0
2026-07-10 22:17:15, EXEC, v:1, k:ed@fractais_png, mode:LOCK, rate:0
2026-07-10 22:17:20, MOVE, v:1, k:ed@fractais_png, mode:BACK
2026-07-10 22:18:26, MOVE, v:1, k:ed@eh_primo, mode:DOWN
2026-07-10 22:18:27, MOVE, v:1, k:ed@eh_primo, mode:PICK
2026-07-10 22:17:14, MOVE, v:1, k:ed@fractais_png, mode:EDIT
2026-07-10 22:18:26, MOVE, v:1, k:ed@eh_primo, mode:EDIT
2026-07-10 22:20:49, MOVE, v:1, k:ed@eh_primo, mode:EDIT
2026-07-10 22:21:55, MOVE, v:1, k:ed@eh_primo, mode:EDIT
2026-07-10 22:30:45, MOVE, v:1, k:ed@eh_primo, mode:EDIT
2026-07-10 22:35:09, EXEC, v:1, k:ed@eh_primo, mode:FULL, rate:55, size:33
2026-07-10 22:35:52, EXEC, v:1, k:ed@eh_primo, mode:FULL, rate:55, size:33
2026-07-10 22:36:18, MOVE, v:1, k:ed@eh_primo, mode:EDIT
2026-07-10 22:35:52, MOVE, v:1, k:ed@eh_primo, mode:EDIT
2026-07-10 22:36:54, EXEC, v:1, k:ed@eh_primo, mode:FULL, rate:77, size:33
2026-07-10 22:37:04, EXEC, v:1, k:ed@eh_primo, mode:FULL, rate:77, size:33
2026-07-10 22:40:20, EXEC, v:1, k:ed@eh_primo, mode:FULL, rate:88, size:37
2026-07-10 22:41:16, MOVE, v:1, k:ed@eh_primo, mode:EDIT
2026-07-10 22:40:20, MOVE, v:1, k:ed@eh_primo, mode:EDIT
2026-07-10 22:41:24, EXEC, v:1, k:ed@eh_primo, mode:FULL, rate:66, size:37
2026-07-10 22:41:52, EXEC, v:1, k:ed@eh_primo, mode:FULL, rate:88, size:37
2026-07-10 22:43:09, EXEC, v:1, k:ed@eh_primo, mode:FULL, rate:88, size:38
2026-07-10 22:44:16, EXEC, v:1, k:ed@eh_primo, mode:FULL, rate:100, size:37
2026-07-10 22:44:48, MOVE, v:1, k:ed@eh_primo, mode:BACK
2026-07-10 22:45:04, SELF, v:1, k:ed@eh_primo, self:1, rate:100, study:20
2026-07-10 22:44:10, MOVE, v:1, k:ed@eh_primo, mode:EDIT
2026-07-10 22:44:16, MOVE, v:1, k:ed@eh_primo, mode:EDIT
2026-07-10 22:46:38, MOVE, v:1, k:ed@vetbuild, mode:DOWN
2026-07-10 22:46:44, MOVE, v:1, k:ed@vetbuild, mode:PICK
2026-07-10 22:46:38, MOVE, v:1, k:ed@vetbuild, mode:EDIT
2026-07-10 22:51:14, MOVE, v:1, k:ed@vetbuild, mode:EDIT
2026-07-10 22:52:18, EXEC, v:1, k:ed@vetbuild, mode:FREE, size:132
2026-07-10 22:56:18, MOVE, v:1, k:ed@vetbuild, mode:EDIT
2026-07-10 22:52:18, MOVE, v:1, k:ed@vetbuild, mode:EDIT
2026-07-10 23:01:18, MOVE, v:1, k:ed@vetbuild, mode:EDIT
2026-07-10 23:00:55, MOVE, v:1, k:ed@vetbuild, mode:EDIT
